// Jest Snapshot v1, https://goo.gl/fbAQLP

exports[`<ErrorBoundary /> renders as expected 1`] = `
<div>
  children
</div>
`;
